Failed x^8-x^7+x^5+x^3-x+1 Skipping
